2025-04-30 03:07:21 - INFO - Start analyse job - (service.py:20)
2025-04-30 03:07:22 - INFO - Done analyse job - (service.py:38)
2025-04-30 03:07:22 - INFO - Time analyse job: 1.3686325550079346 - (service.py:39)
2025-04-30 03:07:41 - INFO - Start analyse candidate - (service.py:65)
2025-04-30 03:07:43 - INFO - Done analyse candidate - (service.py:82)
2025-04-30 03:07:43 - INFO - Time analyse candidate: 1.6996781826019287 - (service.py:83)
2025-04-30 03:07:43 - INFO - Start analyse candidate - (service.py:65)
2025-04-30 03:07:45 - INFO - Done analyse candidate - (service.py:82)
2025-04-30 03:07:45 - INFO - Time analyse candidate: 2.362774133682251 - (service.py:83)
2025-04-30 03:07:46 - INFO - Start analyse candidate - (service.py:65)
2025-04-30 03:07:47 - INFO - Done analyse candidate - (service.py:82)
2025-04-30 03:07:47 - INFO - Time analyse candidate: 1.915116786956787 - (service.py:83)
2025-04-30 03:07:48 - INFO - Start analyse candidate - (service.py:65)
2025-04-30 03:07:49 - INFO - Done analyse candidate - (service.py:82)
2025-04-30 03:07:49 - INFO - Time analyse candidate: 1.897615909576416 - (service.py:83)
2025-04-30 03:07:57 - INFO - Start analyse matching - (service.py:24)
2025-04-30 03:07:59 - INFO - Done analyse matching - (service.py:64)
2025-04-30 03:07:59 - INFO - Time analyse matching: 2.2977566719055176 - (service.py:65)
2025-04-30 03:07:59 - INFO - Start analyse matching - (service.py:24)
2025-04-30 03:08:02 - INFO - Done analyse matching - (service.py:64)
2025-04-30 03:08:02 - INFO - Time analyse matching: 2.642483949661255 - (service.py:65)
2025-04-30 03:08:02 - INFO - Start analyse matching - (service.py:24)
2025-04-30 03:08:04 - INFO - Done analyse matching - (service.py:64)
2025-04-30 03:08:04 - INFO - Time analyse matching: 2.1173489093780518 - (service.py:65)
2025-04-30 03:08:04 - INFO - Start analyse matching - (service.py:24)
2025-04-30 03:08:15 - INFO - Done analyse matching - (service.py:64)
2025-04-30 03:08:15 - INFO - Time analyse matching: 11.02175784111023 - (service.py:65)
